#
# This file exists to help improve the ordering of
# icons inside the OO.o theme / images.zip file.
#
# Sections are processed together, and are delimited
# by '-- <tag> [small]' a 'group' tag denotes equal
# importance: icons must be interleaved, 'ordered'
# denotes a simple best-fit order. 'literal' denotes
# a list of explicit image loads
#

res/mainapp_16.png
res/mainapp_32.png
sw/res/punkt.png
sw/res/punkt_h.png

-- literal

# 'standard' toolbars
modules/simpress/toolbar/standardbar.xml
modules/sdraw/toolbar/standardbar.xml
-- group

# default / startup toolbars
-- group

modules/simpress/toolbar/drawingobjectbar.xml
modules/sdraw/toolbar/drawingobjectbar.xml
-- group

modules/simpress/toolbar/toolbar.xml
modules/sdraw/toolbar/toolbar.xml
-- group

modules/simpress/toolbar/commontaskbar.xml
-- ordered

svtools/res/prnfont.png
svtools/res/bmpfont.png
svtools/res/scalfont.png
svx/res/signet_11x16.png
svx/res/caution_11x16.png
svx/res/notcertificate_16.png
res/sc10223.png
res/sc10224.png
res/sx03139.png
-- literal

# default / startup menus:
modules/simpress/menubar/menubar.xml
modules/sdraw/menubar/menubar.xml
-- group small

#
# complete list of other toolbars / menus
# FIXME: should auto-generate this.
#
#modules/dbbrowser/toolbar/browserobjectbar.xml
#modules/dbbrowser/toolbar/copyobjectbar.xml
modules/sdraw/toolbar/3dobjectsbar.xml
modules/sdraw/toolbar/alignmentbar.xml
modules/sdraw/toolbar/arrowsbar.xml
modules/sdraw/toolbar/arrowshapes.xml
modules/sdraw/toolbar/basicshapes.xml
modules/sdraw/toolbar/bezierobjectbar.xml
modules/sdraw/toolbar/calloutshapes.xml
modules/sdraw/toolbar/choosemodebar.xml
modules/sdraw/toolbar/colorbar.xml
modules/sdraw/toolbar/connectorsbar.xml
modules/sdraw/toolbar/drawingobjectbar.xml
modules/sdraw/toolbar/ellipsesbar.xml
modules/sdraw/toolbar/extrusionobjectbar.xml
modules/sdraw/toolbar/flowchartshapes.xml
modules/sdraw/toolbar/fontworkobjectbar.xml
modules/sdraw/toolbar/fontworkshapetype.xml
modules/sdraw/toolbar/formcontrols.xml
modules/sdraw/toolbar/formdesign.xml
modules/sdraw/toolbar/formsfilterbar.xml
modules/sdraw/toolbar/formsnavigationbar.xml
modules/sdraw/toolbar/formtextobjectbar.xml
modules/sdraw/toolbar/fullscreenbar.xml
modules/sdraw/toolbar/gluepointsobjectbar.xml
modules/sdraw/toolbar/graffilterbar.xml
modules/sdraw/toolbar/graphicobjectbar.xml
modules/sdraw/toolbar/insertbar.xml
modules/sdraw/toolbar/linesbar.xml
modules/sdraw/toolbar/masterviewtoolbar.xml
modules/sdraw/toolbar/mediaobjectbar.xml
modules/sdraw/toolbar/optionsbar.xml
modules/sdraw/toolbar/positionbar.xml
modules/sdraw/toolbar/standardbar.xml
modules/sdraw/toolbar/starshapes.xml
modules/sdraw/toolbar/symbolshapes.xml
modules/sdraw/toolbar/textbar.xml
modules/sdraw/toolbar/textobjectbar.xml
modules/sdraw/toolbar/toolbar.xml
modules/sdraw/toolbar/viewerbar.xml
modules/sdraw/toolbar/zoombar.xml
modules/simpress/toolbar/3dobjectsbar.xml
modules/simpress/toolbar/alignmentbar.xml
modules/simpress/toolbar/arrowsbar.xml
modules/simpress/toolbar/arrowshapes.xml
modules/simpress/toolbar/basicshapes.xml
modules/simpress/toolbar/bezierobjectbar.xml
modules/simpress/toolbar/calloutshapes.xml
modules/simpress/toolbar/choosemodebar.xml
modules/simpress/toolbar/colorbar.xml
modules/simpress/toolbar/commontaskbar.xml
modules/simpress/toolbar/connectorsbar.xml
modules/simpress/toolbar/drawingobjectbar.xml
modules/simpress/toolbar/ellipsesbar.xml
modules/simpress/toolbar/extrusionobjectbar.xml
modules/simpress/toolbar/flowchartshapes.xml
modules/simpress/toolbar/fontworkobjectbar.xml
modules/simpress/toolbar/fontworkshapetype.xml
modules/simpress/toolbar/formcontrols.xml
modules/simpress/toolbar/formdesign.xml
modules/simpress/toolbar/formsfilterbar.xml
modules/simpress/toolbar/formsnavigationbar.xml
modules/simpress/toolbar/formtextobjectbar.xml
modules/simpress/toolbar/fullscreenbar.xml
modules/simpress/toolbar/gluepointsobjectbar.xml
modules/simpress/toolbar/graffilterbar.xml
modules/simpress/toolbar/graphicobjectbar.xml
modules/simpress/toolbar/insertbar.xml
modules/simpress/toolbar/linesbar.xml
modules/simpress/toolbar/masterviewtoolbar.xml
modules/simpress/toolbar/mediaobjectbar.xml
modules/simpress/toolbar/optionsbar.xml
modules/simpress/toolbar/outlinetoolbar.xml
modules/simpress/toolbar/positionbar.xml
modules/simpress/toolbar/slideviewobjectbar.xml
modules/simpress/toolbar/slideviewtoolbar.xml
modules/simpress/toolbar/standardbar.xml
modules/simpress/toolbar/starshapes.xml
modules/simpress/toolbar/symbolshapes.xml
modules/simpress/toolbar/textbar.xml
modules/simpress/toolbar/textobjectbar.xml
modules/simpress/toolbar/toolbar.xml
modules/simpress/toolbar/viewerbar.xml
modules/simpress/toolbar/zoombar.xml
modules/smath/toolbar/fullscreenbar.xml
modules/smath/toolbar/standardbar.xml
modules/smath/toolbar/toolbar.xml

-- ordered

modules/BasicIDE/menubar/menubar.xml
modules/dbapp/menubar/menubar.xml
#modules/dbbrowser/menubar/menubar.xml
modules/dbquery/menubar/menubar.xml
modules/dbrelation/menubar/menubar.xml
modules/dbtable/menubar/menubar.xml
modules/StartModule/menubar/menubar.xml
modules/schart/menubar/menubar.xml
modules/sdraw/menubar/menubar.xml
modules/simpress/menubar/menubar.xml
modules/smath/menubar/menubar.xml

-- ordered small
